-given    :       805.78 HVN ALB MHT BDL ORH PVD HVN
