-given    :      1067.69 SEA PSC ALW GEG BLI PAE SEA
