-given    :    108916.32 ACC BLR CTU DAR EAT FCO JED HNL PPT SYD TXL YYJ ACC
