-nearest  :       734.16 HVN BDL ORH PVD MHT ALB HVN
