-nearest  :       734.16 HVN ALB MHT PVD ORH BDL HVN
