-nearest  :     56268.79 ACC EAT YYJ HNL PPT SYD CTU BLR DAR JED TXL FCO ACC
