-insert   :       721.47 ORH MHT PVD HVN BDL ALB ORH
