-insert   :       721.47 ORH ALB BDL HVN PVD MHT ORH
