-insert   :       721.47 HVN BDL ALB ORH MHT PVD HVN
