-insert   :     11686.01 MDE MVD EZE SCL LIM PTY MDE
