-insert   :     72349.30 ACC JED DAR BLR CTU FCO YYJ EAT PPT SYD HNL TXL ACC
