-insert   :      6174.92 MCO BNA MDW ILM HVN BWI RDU MYR CHS SAV TPA SRQ RSW FLL PBI MCO
