-given    :     23180.49 Baltimore Istanbul Seattle Columbus Boston Williamsport Baltimore
