-given    :     60804.22 Dar es Salaam Newcastle upon Tyne San Francisco San Pedro Sula Hong Kong New Haven Dar es Salaam
