-given    :     13244.15 Portland (Oregon) Winston-Salem Coeur d'Alene A20 Portland (Oregon)
