-given    :       805.78 HVN ALB MHT BDL ORH PVD HVN
-insert   :       721.47 HVN BDL ALB ORH MHT PVD HVN
