-nearest  :       734.16 HVN ALB MHT PVD ORH BDL HVN
-insert   :       721.47 HVN BDL ALB ORH MHT PVD HVN
