-insert   :       721.47 HVN BDL ALB ORH MHT PVD HVN
-given    :       805.78 HVN ALB MHT BDL ORH PVD HVN
-nearest  :       734.16 HVN ALB MHT PVD ORH BDL HVN
