-insert   :    270414.53 LEI MJV TGR PMI BZR FNI MEN GNB LUG BOR FKB MHG OBF KLU CIA NAP NSY OMO DBV OHD LUE KIV ERD NBC TJM VOG BAK MYP AF4 MWD KNU HYD IXW GAU BKK PEN PKU BKS CCK JKT SBW KUA TOD CAH REP SYX MOG DIG HZH NAO CIH UEO OGN LGP TKK TIZ PMP CGC WKN PPP BCI ARM PQQ XRH WSZ BHE CHT WHO DUD OOM PKE BVI CED KTA SGP MTD DRW RDA IFL LZR BIK BXU DGT WNP BGN LAO MZG FOC WUX KWJ IZO UKB ITM HND IWO YGJ KHV YNT TYN ULN LHW TEZ BIR BJU PGH DEL AF3 MSH FJR THR SZF RAE GIZ LLI LFO AMH TIE TIF BEV PSD EG1 KGS SLS TGM KSC ILZ GNA OSP BMA VST OSL FDE KTT MMK RNB HDF OHR BYU FRF CFR BBS BHX ZXE NCL DND WIC YVN YGW YAT YOG YGX ZPB MSA YSP BVR MI4 RAC MKE MUT TNU JEF TBN SIK CRX K01 BRY MQY THA HSV HAB PIM VWT MUL FPY FMY MRK CCC CAP ARE VQS CZE GRA OTU VIG CCS SFD CUP CAJ MBZ PHI GRP BHZ SJP NVT PET URG BHI RSA USH ZCO AFA CPO ILQ TCQ REY CBB CJC TUC MGF CMG MBK TFF BAZ BVB BMJ BGI SXM TOV SML NET ATC CXY XWN TIX UST AYS SAV ABY EUF GUF UXP PTN PIB MS3 UOX MS1 HRO FYV ZBX SGF MCI SLN BFF VWF DIK JZR GFA VWW SMN LKV WA7 PWT DTR CXH YQZ YXJ YOP YZH YOD YDU FIC FQJ BQV YCK LAK A53 AK3 AK6 05A TAL FVW HGZ A07 A94 UXA 04A EAG OQX WMO HAY PAQ SKW NIN A72 A50 A03 KLL UXM VZA KKI MOU SVA SCM NUP PCA VZL AKB MDY HUH MOZ NHV MKK A61 A69 A56 PCE A28 PTR WSJ ORI ADQ A87 PGM A93 A71 WTT NKI KWF FQA YPR YGN YQQ FRD SQV ONP WQD SUU DWA APC SNS OXR AVX NKX UDD YUM AZ3 JGC PGA EED LAS RBF POC LAX QAX MMH ENV MLD DQD CIG LXV CNE TCC ALM TX7 TX9 DYS PDS LOI LTO GDL ACA JAL PCG MCR UII GLF WSP AHS CZM TX3 ERV SAT ELA CLC BSM AUS MWL PUB DEN RYE LAR OGA HSI MIQ CBF HPT JMN ILL MIC VWL EVM RHI OEO MSP AUM DEH PCD CCY RFD DPA CGX MGC JXN TDZ JFN STQ DQK VGC MGJ ALB CT2 EHT YAF YLQ B21 WFK CAR ZLT FSP YHZ MLT AUG ME3 BBF BID NY8 DXR WRI HZL THV OCE SBY NSF WAS IAD RIC SHD NKT OAJ NC2 INT LNP BCB EKN HGR IDI AKC OSU OH1 AXV FDY S24 QBY CA4 PTK PHN MI3 WBR TVC MCD YXZ YKU YVP GOH SXL DUB CEG FZO LDV SNR BOD SCQ VLL PNA XMR OZP TFN DKR KBS ROB BOY LRL NGE BSG LBQ OUE ION BNB FDU MMQ NCH MYW MFA ANO RRG AMP DUR PLZ CPT MQP HDS NLA CEO PNR COO BYK DIV GGN KEN KGG BXE GLN LEI
